
> nextjs-supabase-boilerplate@0.1.0 test:e2e C:\coding\REHAP_APP\nextjs-supabase-boilerplate-main
> playwright test "tests/e2e/flows/onboarding-to-course.spec.ts" "-g" "?덉뿉???⑤낫??紐⑤떖 ?닿린"

[dotenv@17.2.3] injecting env (13) from .env.local -- tip: ?숋툘  suppress all logs with { quiet: true }

Running 2 tests using 1 worker

[dotenv@17.2.3] injecting env (0) from .env.local -- tip: ?썱截? run anywhere with `dotenvx run -- yourcommand`
??湲곗〈 ?몄쬆 ?몄뀡 ?ъ궗??(24?쒓컙 ?대궡)
  ?? 1 [setup] ??tests\e2e\auth.setup.ts:15:6 ??authenticate (136ms)
[dotenv@17.2.3] injecting env (0) from .env.local -- tip: ?숋툘  suppress all logs with { quiet: true }
?뜧 Loaded Cookies: []
  ?? 2 [chromium] ??tests\e2e\flows\onboarding-to-course.spec.ts:25:7 ??F1: ?⑤낫????肄붿뒪 ?앹꽦 ???덉뿉???⑤낫??紐⑤떖 ?닿린 (3.5s)


  1) [chromium] ??tests\e2e\flows\onboarding-to-course.spec.ts:25:7 ??F1: ?⑤낫????肄붿뒪 ?앹꽦 ???덉뿉???⑤낫??紐⑤떖 ?닿린 

    Error: ???뚯뒪?멸? 誘몄씤利??곹깭?낅땲?? storageState媛 ?쒕?濡?濡쒕뱶?섏? ?딆븯嫄곕굹 濡쒓렇?몄씠 ??몄뒿?덈떎.

       at pages\onboarding.page.ts:80

      78 |     const loginBtn = this.page.getByRole('button', { name: /濡쒓렇??i }).first();
      79 |     if (await loginBtn.isVisible()) {
    > 80 |       throw new Error('???뚯뒪?멸? 誘몄씤利??곹깭?낅땲?? storageState媛 ?쒕?濡?濡쒕뱶?섏? ?딆븯嫄곕굹 濡쒓렇?몄씠 ??몄뒿?덈떎.');
         |             ^
      81 |     }
      82 |
      83 |     // ?쒖옉 踰꾪듉 ?대┃
        at OnboardingPage.open (C:\coding\REHAP_APP\nextjs-supabase-boilerplate-main\tests\e2e\pages\onboarding.page.ts:80:13)
        at C:\coding\REHAP_APP\nextjs-supabase-boilerplate-main\tests\e2e\flows\onboarding-to-course.spec.ts:30:5

    attachment #1: screenshot (image/png) ??????????????????????????????????????????????????????????
    tests\e2e\results\flows-onboarding-to-course-F1-?⑤낫????肄붿뒪-?앹꽦-?덉뿉???⑤낫??紐⑤떖-?닿린-chromium\test-failed-1.png
    ????????????????????????????????????????????????????????????????????????????????????????????????

    Error Context: tests\e2e\results\flows-onboarding-to-course-F1-?⑤낫????肄붿뒪-?앹꽦-?덉뿉???⑤낫??紐⑤떖-?닿린-chromium\error-context.md

  1 failed
    [chromium] ??tests\e2e\flows\onboarding-to-course.spec.ts:25:7 ??F1: ?⑤낫????肄붿뒪 ?앹꽦 ???덉뿉???⑤낫??紐⑤떖 ?닿린 
  1 passed (9.4s)

To open last HTML report run:
[36m[39m
[36m  pnpm exec playwright show-report[39m
[36m[39m
?덭LIFECYCLE??Command failed with exit code 1.
